// Jest Snapshot v1, https://goo.gl/fbAQLP

exports[`DisplayQuestionsAndAnswers should match the snapshot if mockIndex === mockAllFlashcards.length 1`] = `undefined`;

exports[`DisplayQuestionsAndAnswers should match the snapshot if mockIndex === mockFlashcards.length 1`] = `undefined`;

exports[`DisplayQuestionsAndAnswers should match the snapshot if props.currentIndex === props.allFlashcards.length 1`] = `undefined`;
